2026-05-23T16:35:56: 
2026-05-23T16:35:56: ╔══════════════════════════════════════════════════╗
2026-05-23T16:35:56: ║           DemonX CNC Controller Server           ║
2026-05-23T16:35:56: ╠══════════════════════════════════════════════════╣
2026-05-23T16:35:56: ║  Listening on port 8080                           ║
2026-05-23T16:35:56: ╠══════════════════════════════════════════════════╣
2026-05-23T16:35:56: ║  http://10.10.1.31:8080                          ║
2026-05-23T16:35:56: ║  http://localhost:8080                           ║
2026-05-23T16:35:56: ╠══════════════════════════════════════════════════╣
2026-05-23T16:35:56: ║  Multiple browsers can monitor simultaneously     ║
2026-05-23T16:35:56: ║  Plug Doberman USB-C into THIS machine only       ║
2026-05-23T16:35:56: ╚══════════════════════════════════════════════════╝
2026-05-23T16:35:56: 
2026-05-23T16:36:29: 
2026-05-23T16:36:29: Shutting down...
2026-05-23T16:36:29: 
2026-05-23T16:36:29: ╔══════════════════════════════════════════════════╗
2026-05-23T16:36:29: ║           DemonX CNC Controller Server           ║
2026-05-23T16:36:29: ╠══════════════════════════════════════════════════╣
2026-05-23T16:36:29: ║  Listening on port 8080                           ║
2026-05-23T16:36:29: ╠══════════════════════════════════════════════════╣
2026-05-23T16:36:29: ║  http://10.10.1.31:8080                          ║
2026-05-23T16:36:29: ║  http://localhost:8080                           ║
2026-05-23T16:36:29: ╠══════════════════════════════════════════════════╣
2026-05-23T16:36:29: ║  Multiple browsers can monitor simultaneously     ║
2026-05-23T16:36:29: ║  Plug Doberman USB-C into THIS machine only       ║
2026-05-23T16:36:29: ╚══════════════════════════════════════════════════╝
2026-05-23T16:36:29: 
2026-05-23T23:37:30: 
2026-05-23T23:37:30: ╔══════════════════════════════════════════════════╗
2026-05-23T23:37:30: ║           DemonX CNC Controller Server           ║
2026-05-23T23:37:30: ╠══════════════════════════════════════════════════╣
2026-05-23T23:37:30: ║  Listening on port 8080                           ║
2026-05-23T23:37:30: ╠══════════════════════════════════════════════════╣
2026-05-23T23:37:30: ║  http://localhost:8080                           ║
2026-05-23T23:37:30: ╠══════════════════════════════════════════════════╣
2026-05-23T23:37:30: ║  Multiple browsers can monitor simultaneously     ║
2026-05-23T23:37:30: ║  Plug Doberman USB-C into THIS machine only       ║
2026-05-23T23:37:30: ╚══════════════════════════════════════════════════╝
2026-05-23T23:37:30: 
2026-05-23T16:45:10: 
2026-05-23T16:45:10: Shutting down...
2026-05-23T23:45:34: 
2026-05-23T23:45:34: ╔══════════════════════════════════════════════════╗
2026-05-23T23:45:34: ║           DemonX CNC Controller Server           ║
2026-05-23T23:45:34: ╠══════════════════════════════════════════════════╣
2026-05-23T23:45:34: ║  Listening on port 8080                           ║
2026-05-23T23:45:34: ╠══════════════════════════════════════════════════╣
2026-05-23T23:45:34: ║  http://localhost:8080                           ║
2026-05-23T23:45:34: ╠══════════════════════════════════════════════════╣
2026-05-23T23:45:34: ║  Multiple browsers can monitor simultaneously     ║
2026-05-23T23:45:34: ║  Plug Doberman USB-C into THIS machine only       ║
2026-05-23T23:45:34: ╚══════════════════════════════════════════════════╝
2026-05-23T23:45:34: 
2026-05-23T23:45:43: [WS] Client connected from 127.0.0.1  (1 connected)
2026-05-23T23:45:43: [SER] Opened /dev/ttyUSB0 @ 115200 — 1 client(s) watching
2026-05-23T17:41:31: [WS] Client disconnected from 127.0.0.1  (0 remaining)
2026-05-23T17:43:43: 
2026-05-23T17:43:43: ╔══════════════════════════════════════════════════╗
2026-05-23T17:43:43: ║           DemonX CNC Controller Server           ║
2026-05-23T17:43:43: ╠══════════════════════════════════════════════════╣
2026-05-23T17:43:43: ║  Listening on port 8080                           ║
2026-05-23T17:43:43: ╠══════════════════════════════════════════════════╣
2026-05-23T17:43:43: ║  http://10.10.1.31:8080                          ║
2026-05-23T17:43:43: ║  http://localhost:8080                           ║
2026-05-23T17:43:43: ╠══════════════════════════════════════════════════╣
2026-05-23T17:43:43: ║  Multiple browsers can monitor simultaneously     ║
2026-05-23T17:43:43: ║  Plug Doberman USB-C into THIS machine only       ║
2026-05-23T17:43:43: ╚══════════════════════════════════════════════════╝
2026-05-23T17:43:43: 
2026-05-23T17:45:05: 
2026-05-23T17:45:05: Shutting down...
2026-05-24T00:45:30: 
2026-05-24T00:45:30: ╔══════════════════════════════════════════════════╗
2026-05-24T00:45:30: ║           DemonX CNC Controller Server           ║
2026-05-24T00:45:30: ╠══════════════════════════════════════════════════╣
2026-05-24T00:45:30: ║  Listening on port 8080                           ║
2026-05-24T00:45:30: ╠══════════════════════════════════════════════════╣
2026-05-24T00:45:30: ║  http://localhost:8080                           ║
2026-05-24T00:45:30: ╠══════════════════════════════════════════════════╣
2026-05-24T00:45:30: ║  Multiple browsers can monitor simultaneously     ║
2026-05-24T00:45:30: ║  Plug Doberman USB-C into THIS machine only       ║
2026-05-24T00:45:30: ╚══════════════════════════════════════════════════╝
2026-05-24T00:45:30: 
2026-05-24T00:45:41: [WS] Client connected from 127.0.0.1  (1 connected)
2026-05-24T00:45:41: [SER] Opened /dev/ttyUSB0 @ 115200 — 1 client(s) watching
2026-05-23T17:52:27: 
2026-05-23T17:52:27: Shutting down...
2026-05-23T17:52:27: 
2026-05-23T17:52:27: ╔══════════════════════════════════════════════════╗
2026-05-23T17:52:27: ║           DemonX CNC Controller Server           ║
2026-05-23T17:52:27: ╠══════════════════════════════════════════════════╣
2026-05-23T17:52:27: ║  Listening on port 8080                           ║
2026-05-23T17:52:27: ╠══════════════════════════════════════════════════╣
2026-05-23T17:52:27: ║  http://10.10.1.31:8080                          ║
2026-05-23T17:52:27: ║  http://localhost:8080                           ║
2026-05-23T17:52:27: ╠══════════════════════════════════════════════════╣
2026-05-23T17:52:27: ║  Multiple browsers can monitor simultaneously     ║
2026-05-23T17:52:27: ║  Plug Doberman USB-C into THIS machine only       ║
2026-05-23T17:52:27: ╚══════════════════════════════════════════════════╝
2026-05-23T17:52:27: 
2026-05-23T17:54:11: [WS] Client connected from 127.0.0.1  (1 connected)
2026-05-23T17:54:11: [SER] Opened /dev/ttyUSB0 @ 115200 — 1 client(s) watching
2026-05-23T18:05:29: 
2026-05-23T18:05:29: Shutting down...
2026-05-23T18:05:29: 
2026-05-23T18:05:29: ╔══════════════════════════════════════════════════╗
2026-05-23T18:05:29: ║           DemonX CNC Controller Server           ║
2026-05-23T18:05:29: ╠══════════════════════════════════════════════════╣
2026-05-23T18:05:29: ║  Listening on port 8080                           ║
2026-05-23T18:05:29: ╠══════════════════════════════════════════════════╣
2026-05-23T18:05:29: ║  http://10.10.1.31:8080                          ║
2026-05-23T18:05:29: ║  http://localhost:8080                           ║
2026-05-23T18:05:29: ╠══════════════════════════════════════════════════╣
2026-05-23T18:05:29: ║  Multiple browsers can monitor simultaneously     ║
2026-05-23T18:05:29: ║  Plug Doberman USB-C into THIS machine only       ║
2026-05-23T18:05:29: ╚══════════════════════════════════════════════════╝
2026-05-23T18:05:29: 
2026-05-23T18:06:10: 
2026-05-23T18:06:10: Shutting down...
2026-05-23T18:06:10: 
2026-05-23T18:06:10: ╔══════════════════════════════════════════════════╗
2026-05-23T18:06:10: ║           DemonX CNC Controller Server           ║
2026-05-23T18:06:10: ╠══════════════════════════════════════════════════╣
2026-05-23T18:06:10: ║  Listening on port 8080                           ║
2026-05-23T18:06:10: ╠══════════════════════════════════════════════════╣
2026-05-23T18:06:10: ║  http://10.10.1.31:8080                          ║
2026-05-23T18:06:10: ║  http://localhost:8080                           ║
2026-05-23T18:06:10: ╠══════════════════════════════════════════════════╣
2026-05-23T18:06:10: ║  Multiple browsers can monitor simultaneously     ║
2026-05-23T18:06:10: ║  Plug Doberman USB-C into THIS machine only       ║
2026-05-23T18:06:10: ╚══════════════════════════════════════════════════╝
2026-05-23T18:06:10: 
2026-05-23T18:06:19: [WS] Client connected from 127.0.0.1  (1 connected)
2026-05-23T18:06:19: [SER] Opened /dev/ttyUSB0 @ 115200 — 1 client(s) watching
2026-05-23T18:21:17: 
2026-05-23T18:21:17: Shutting down...
2026-05-23T18:21:17: 
2026-05-23T18:21:17: ╔══════════════════════════════════════════════════╗
2026-05-23T18:21:17: ║           DemonX CNC Controller Server           ║
2026-05-23T18:21:17: ╠══════════════════════════════════════════════════╣
2026-05-23T18:21:17: ║  Listening on port 8080                           ║
2026-05-23T18:21:17: ╠══════════════════════════════════════════════════╣
2026-05-23T18:21:17: ║  http://10.10.1.31:8080                          ║
2026-05-23T18:21:17: ║  http://localhost:8080                           ║
2026-05-23T18:21:17: ╠══════════════════════════════════════════════════╣
2026-05-23T18:21:17: ║  Multiple browsers can monitor simultaneously     ║
2026-05-23T18:21:17: ║  Plug Doberman USB-C into THIS machine only       ║
2026-05-23T18:21:17: ╚══════════════════════════════════════════════════╝
2026-05-23T18:21:17: 
2026-05-23T18:21:22: [WS] Client connected from 127.0.0.1  (1 connected)
2026-05-23T18:21:22: [SER] Opened /dev/ttyUSB0 @ 115200 — 1 client(s) watching
2026-05-23T18:33:30: 
2026-05-23T18:33:30: Shutting down...
2026-05-23T18:33:30: 
2026-05-23T18:33:30: ╔══════════════════════════════════════════════════╗
2026-05-23T18:33:30: ║           DemonX CNC Controller Server           ║
2026-05-23T18:33:30: ╠══════════════════════════════════════════════════╣
2026-05-23T18:33:30: ║  Listening on port 8080                           ║
2026-05-23T18:33:30: ╠══════════════════════════════════════════════════╣
2026-05-23T18:33:30: ║  http://10.10.1.31:8080                          ║
2026-05-23T18:33:30: ║  http://localhost:8080                           ║
2026-05-23T18:33:30: ╠══════════════════════════════════════════════════╣
2026-05-23T18:33:30: ║  Multiple browsers can monitor simultaneously     ║
2026-05-23T18:33:30: ║  Plug Doberman USB-C into THIS machine only       ║
2026-05-23T18:33:30: ╚══════════════════════════════════════════════════╝
2026-05-23T18:33:30: 
2026-05-23T18:33:33: [WS] Client connected from 127.0.0.1  (1 connected)
2026-05-23T18:33:33: [SER] Opened /dev/ttyUSB0 @ 115200 — 1 client(s) watching
2026-05-23T18:58:04: [WS] Client connected from 10.10.1.122  (2 connected)
2026-05-23T18:58:04: [SER] Closed /dev/ttyUSB0
2026-05-23T18:58:04: [SER] Opened /dev/ttyUSB0 @ 115200 — 2 client(s) watching
2026-05-23T18:59:41: [CAM] Starting stream 1779587981480_a55rtr6ha0b: rtsp:***@10.10.1.114:554/h264Preview_03_main
2026-05-23T19:04:58: [WS] Client disconnected from 127.0.0.1  (1 remaining)
2026-05-23T19:05:00: [WS] Client connected from 127.0.0.1  (2 connected)
2026-05-23T19:05:00: [SER] Error: Error Resource temporarily unavailable Cannot lock port
2026-05-23T19:10:15: [WS] Client disconnected from 127.0.0.1  (1 remaining)
2026-05-23T19:11:56: 
2026-05-23T19:11:56: Shutting down...
2026-05-23T19:11:57: 
2026-05-23T19:11:57: ╔══════════════════════════════════════════════════╗
2026-05-23T19:11:57: ║           DemonX CNC Controller Server           ║
2026-05-23T19:11:57: ╠══════════════════════════════════════════════════╣
2026-05-23T19:11:57: ║  Listening on port 8080                           ║
2026-05-23T19:11:57: ╠══════════════════════════════════════════════════╣
2026-05-23T19:11:57: ║  http://10.10.1.31:8080                          ║
2026-05-23T19:11:57: ║  http://localhost:8080                           ║
2026-05-23T19:11:57: ╠══════════════════════════════════════════════════╣
2026-05-23T19:11:57: ║  Multiple browsers can monitor simultaneously     ║
2026-05-23T19:11:57: ║  Plug Doberman USB-C into THIS machine only       ║
2026-05-23T19:11:57: ╚══════════════════════════════════════════════════╝
2026-05-23T19:11:57: 
2026-05-23T19:12:10: [WS] Client connected from 127.0.0.1  (1 connected)
2026-05-23T19:12:10: [SER] Opened /dev/ttyUSB0 @ 115200 — 1 client(s) watching
2026-05-23T19:14:15: [WS] Client connected from 10.10.1.122  (2 connected)
2026-05-23T19:14:15: [WS] 10.10.1.122 requested connect — port already open, confirming
2026-05-23T19:14:22: [CAM] Starting stream 1779588862408_jymt2a1il9: rtsp:***@10.10.1.114:554/h264Preview_03_main
2026-05-23T19:15:45: [WS] Client disconnected from 127.0.0.1  (1 remaining)
2026-05-23T19:15:45: [WS] Client connected from 127.0.0.1  (2 connected)
2026-05-23T19:15:45: [WS] 127.0.0.1 requested connect — port already open, confirming
2026-05-23T19:21:56: [WS] Client disconnected from 127.0.0.1  (1 remaining)
